16:09:56.589 [main] INFO  testCases.TC_01_LoginTest - **Started**
16:09:58.788 [main] INFO  testCases.TC_01_LoginTest - **Finished**
15:55:14.440 [main] INFO  testCases.TC_01_LoginTest - **Started**
15:55:16.626 [main] INFO  testCases.TC_01_LoginTest - **Finished**
15:55:29.210 [main] INFO  testCases.TC_01_LoginTest - **Started**
15:55:31.384 [main] INFO  testCases.TC_01_LoginTest - **Finished**
15:57:34.367 [main] INFO  testCases.TC_01_LoginTest - **Started**
15:57:36.559 [main] INFO  testCases.TC_01_LoginTest - **Finished**
16:00:45.877 [main] DEBUG org.testng.TestNG - suiteXmlPath: "C:\Users\Dell\eclipse-workspace\setup\master.xml"
16:00:47.586 [main] INFO  testCases.TC_01_LoginTest - **Started**
16:00:49.768 [main] INFO  testCases.TC_01_LoginTest - **Finished**
15:37:07.511 [main] DEBUG org.testng.TestNG - suiteXmlPath: "C:\Users\Dell\eclipse-workspace\setup\master.xml"
15:37:11.039 [main] INFO  testCases.TC_01_LoginTest - **Started**
15:37:13.226 [main] INFO  testCases.TC_01_LoginTest - **Finished**
15:43:45.199 [main] DEBUG org.testng.TestNG - suiteXmlPath: "C:\Users\Dell\eclipse-workspace\setup\master.xml"
15:43:47.251 [main] INFO  testCases.TC_01_LoginTest - **Started**
15:43:49.449 [main] INFO  testCases.TC_01_LoginTest - **Finished**
15:43:59.527 [main] DEBUG org.testng.TestNG - suiteXmlPath: "C:\Users\Dell\eclipse-workspace\setup\master.xml"
15:44:02.271 [main] INFO  testCases.TC_01_LoginTest - **Started**
15:44:04.506 [main] INFO  testCases.TC_01_LoginTest - **Finished**
16:49:07.677 [main] DEBUG org.testng.TestNG - suiteXmlPath: "C:\Users\Dell\eclipse-workspace\setup\master.xml"
16:49:07.794 [main] INFO  org.testng.internal.Utils - [TestNG] Running:
  C:\Users\Dell\eclipse-workspace\setup\master.xml

16:49:10.337 [main] INFO  testCases.TC_01_LoginTest - **Started**
16:49:12.533 [main] INFO  testCases.TC_01_LoginTest - **Finished**
17:41:47.320 [main] DEBUG org.testng.TestNG - suiteXmlPath: "C:\Users\Dell\eclipse-workspace\setup\master.xml"
17:41:47.417 [main] INFO  org.testng.internal.Utils - [TestNG] Running:
  C:\Users\Dell\eclipse-workspace\setup\master.xml

17:41:49.698 [main] INFO  testCases.TC_01_LoginTest - **Started**
17:41:51.900 [main] INFO  testCases.TC_01_LoginTest - **Finished**
11:51:58.518 [main] DEBUG org.testng.TestNG - suiteXmlPath: "C:\Users\Dell\eclipse-workspace\setup\master.xml"
11:52:01.114 [main] INFO  testCases.TC_01_LoginTest - **Started**
11:52:03.330 [main] INFO  testCases.TC_01_LoginTest - **Finished**
12:07:39.262 [main] DEBUG org.testng.TestNG - suiteXmlPath: "C:\Users\Dell\eclipse-workspace\setup\master.xml"
12:07:41.294 [main] INFO  testCases.TC_01_LoginTest - **Started**
12:07:43.480 [main] INFO  testCases.TC_01_LoginTest - **Finished**
12:16:58.846 [main] DEBUG org.testng.TestNG - suiteXmlPath: "C:\Users\Dell\eclipse-workspace\setup\master.xml"
12:16:58.956 [main] INFO  org.testng.internal.Utils - [TestNG] Running:
  C:\Users\Dell\eclipse-workspace\setup\master.xml

12:16:59.064 [main] INFO  testCases.TC_01_LoginTest - **Started**
12:17:37.660 [main] DEBUG org.testng.TestNG - suiteXmlPath: "C:\Users\Dell\eclipse-workspace\setup\master.xml"
12:17:37.756 [main] INFO  org.testng.internal.Utils - [TestNG] Running:
  C:\Users\Dell\eclipse-workspace\setup\master.xml

12:17:48.612 [main] INFO  testCases.TC_01_LoginTest - **Started**
12:17:50.816 [main] INFO  testCases.TC_01_LoginTest - **Finished**
12:43:12.550 [main] DEBUG org.testng.TestNG - suiteXmlPath: "C:\Users\Dell\eclipse-workspace\setup\master.xml"
12:43:12.649 [main] INFO  org.testng.internal.Utils - [TestNG] Running:
  C:\Users\Dell\eclipse-workspace\setup\master.xml

12:43:14.977 [main] INFO  testCases.TC_01_LoginTest - **Started**
12:43:17.198 [main] INFO  testCases.TC_01_LoginTest - **Finished**
16:21:03.133 [main] DEBUG org.testng.TestNG - suiteXmlPath: "C:\Users\Dell\eclipse-workspace\setup\master.xml"
16:21:03.232 [main] INFO  org.testng.internal.Utils - [TestNG] Running:
  C:\Users\Dell\eclipse-workspace\setup\master.xml

16:21:05.762 [main] INFO  testCases.TC_01_LoginTest - **Started**
16:21:07.953 [main] INFO  testCases.TC_01_LoginTest - **Finished**
16:27:41.529 [main] DEBUG org.testng.TestNG - suiteXmlPath: "C:\Users\Dell\eclipse-workspace\setup\master.xml"
16:27:41.629 [main] INFO  org.testng.internal.Utils - [TestNG] Running:
  C:\Users\Dell\eclipse-workspace\setup\master.xml

16:28:04.167 [main] INFO  testCases.TC_01_LoginTest - **Started**
16:28:09.676 [main] INFO  testCases.TC_01_LoginTest - **Finished**
16:33:33.641 [main] DEBUG org.testng.TestNG - suiteXmlPath: "C:\Users\Dell\eclipse-workspace\setup\master.xml"
16:33:33.743 [main] INFO  org.testng.internal.Utils - [TestNG] Running:
  C:\Users\Dell\eclipse-workspace\setup\master.xml

16:33:35.810 [main] INFO  testCases.TC_01_LoginTest - **Started**
16:37:46.866 [main] DEBUG org.testng.TestNG - suiteXmlPath: "C:\Users\Dell\eclipse-workspace\setup\master.xml"
16:37:46.965 [main] INFO  org.testng.internal.Utils - [TestNG] Running:
  C:\Users\Dell\eclipse-workspace\setup\master.xml

16:37:49.062 [main] INFO  testCases.TC_01_LoginTest - **Started**
16:37:52.304 [main] INFO  testCases.TC_01_LoginTest - **Finished**
16:38:16.437 [main] DEBUG org.testng.TestNG - suiteXmlPath: "C:\Users\Dell\eclipse-workspace\setup\master.xml"
16:38:16.533 [main] INFO  org.testng.internal.Utils - [TestNG] Running:
  C:\Users\Dell\eclipse-workspace\setup\master.xml

16:38:18.789 [main] INFO  testCases.TC_01_LoginTest - **Started**
16:47:22.338 [main] DEBUG org.testng.TestNG - suiteXmlPath: "C:\Users\Dell\eclipse-workspace\setup\master.xml"
16:47:22.436 [main] INFO  org.testng.internal.Utils - [TestNG] Running:
  C:\Users\Dell\eclipse-workspace\setup\master.xml

16:47:24.509 [main] INFO  testCases.TC_01_LoginTest - **Started**
16:47:55.097 [main] DEBUG org.testng.TestNG - suiteXmlPath: "C:\Users\Dell\eclipse-workspace\setup\master.xml"
16:47:55.195 [main] INFO  org.testng.internal.Utils - [TestNG] Running:
  C:\Users\Dell\eclipse-workspace\setup\master.xml

16:47:57.345 [main] INFO  testCases.TC_01_LoginTest - **Started**
16:48:00.659 [main] INFO  testCases.TC_01_LoginTest - **Finished**
16:48:22.591 [main] DEBUG org.testng.TestNG - suiteXmlPath: "C:\Users\Dell\eclipse-workspace\setup\master.xml"
16:48:22.690 [main] INFO  org.testng.internal.Utils - [TestNG] Running:
  C:\Users\Dell\eclipse-workspace\setup\master.xml

16:48:24.564 [main] INFO  testCases.TC_01_LoginTest - **Started**
16:55:29.913 [main] DEBUG org.testng.TestNG - suiteXmlPath: "C:\Users\Dell\eclipse-workspace\setup\master.xml"
16:55:30.011 [main] INFO  org.testng.internal.Utils - [TestNG] Running:
  C:\Users\Dell\eclipse-workspace\setup\master.xml

16:55:32.004 [main] INFO  testCases.TC_01_LoginTest - **Started**
16:55:35.375 [main] INFO  testCases.TC_01_LoginTest - **Finished**
16:55:45.563 [main] DEBUG org.testng.TestNG - suiteXmlPath: "C:\Users\Dell\eclipse-workspace\setup\master.xml"
16:55:45.661 [main] INFO  org.testng.internal.Utils - [TestNG] Running:
  C:\Users\Dell\eclipse-workspace\setup\master.xml

16:55:47.770 [main] INFO  testCases.TC_01_LoginTest - **Started**
16:55:51.330 [main] INFO  testCases.TC_01_LoginTest - **Finished**
16:56:18.126 [main] DEBUG org.testng.TestNG - suiteXmlPath: "C:\Users\Dell\eclipse-workspace\setup\master.xml"
16:56:18.226 [main] INFO  org.testng.internal.Utils - [TestNG] Running:
  C:\Users\Dell\eclipse-workspace\setup\master.xml

16:56:20.627 [main] INFO  testCases.TC_01_LoginTest - **Started**
16:57:01.307 [main] DEBUG org.testng.TestNG - suiteXmlPath: "C:\Users\Dell\eclipse-workspace\setup\master.xml"
16:57:01.405 [main] INFO  org.testng.internal.Utils - [TestNG] Running:
  C:\Users\Dell\eclipse-workspace\setup\master.xml

16:57:03.457 [main] INFO  testCases.TC_01_LoginTest - **Started**
17:01:03.263 [main] DEBUG org.testng.TestNG - suiteXmlPath: "C:\Users\Dell\eclipse-workspace\setup\master.xml"
17:01:03.361 [main] INFO  org.testng.internal.Utils - [TestNG] Running:
  C:\Users\Dell\eclipse-workspace\setup\master.xml

17:01:05.529 [main] INFO  testCases.TC_01_LoginTest - **Started**
17:25:10.482 [main] DEBUG org.testng.TestNG - suiteXmlPath: "C:\Users\Dell\eclipse-workspace\setup\master.xml"
17:25:10.581 [main] INFO  org.testng.internal.Utils - [TestNG] Running:
  C:\Users\Dell\eclipse-workspace\setup\master.xml

17:25:13.087 [main] INFO  testCases.TC_01_LoginTest - **Started**
17:25:16.514 [main] INFO  testCases.TC_01_LoginTest - **Finished**
17:25:47.164 [main] DEBUG org.testng.TestNG - suiteXmlPath: "C:\Users\Dell\eclipse-workspace\setup\master.xml"
17:25:47.262 [main] INFO  org.testng.internal.Utils - [TestNG] Running:
  C:\Users\Dell\eclipse-workspace\setup\master.xml

17:25:49.360 [main] INFO  testCases.TC_01_LoginTest - **Started**
17:27:47.761 [main] DEBUG org.testng.TestNG - suiteXmlPath: "C:\Users\Dell\eclipse-workspace\setup\master.xml"
17:27:47.860 [main] INFO  org.testng.internal.Utils - [TestNG] Running:
  C:\Users\Dell\eclipse-workspace\setup\master.xml

17:27:50.115 [main] INFO  testCases.TC_01_LoginTest - **Started**
17:30:46.185 [main] DEBUG org.testng.TestNG - suiteXmlPath: "C:\Users\Dell\eclipse-workspace\setup\master.xml"
17:30:46.285 [main] INFO  org.testng.internal.Utils - [TestNG] Running:
  C:\Users\Dell\eclipse-workspace\setup\master.xml

17:30:48.415 [main] INFO  testCases.TC_01_LoginTest - **Started**
17:31:00.628 [main] INFO  testCases.TC_01_LoginTest - **Finished**
17:34:28.724 [main] DEBUG org.testng.TestNG - suiteXmlPath: "C:\Users\Dell\eclipse-workspace\setup\master.xml"
17:34:28.822 [main] INFO  org.testng.internal.Utils - [TestNG] Running:
  C:\Users\Dell\eclipse-workspace\setup\master.xml

17:34:31.050 [main] INFO  testCases.TC_01_LoginTest - **Started**
17:34:43.288 [main] INFO  testCases.TC_01_LoginTest - **Finished**
17:34:56.581 [main] DEBUG org.testng.TestNG - suiteXmlPath: "C:\Users\Dell\eclipse-workspace\setup\master.xml"
17:34:56.680 [main] INFO  org.testng.internal.Utils - [TestNG] Running:
  C:\Users\Dell\eclipse-workspace\setup\master.xml

17:34:58.632 [main] INFO  testCases.TC_01_LoginTest - **Started**
17:35:01.921 [main] INFO  testCases.TC_01_LoginTest - **Finished**
17:38:54.183 [main] DEBUG org.testng.TestNG - suiteXmlPath: "C:\Users\Dell\eclipse-workspace\PsyHire_V03\master.xml"
17:38:54.302 [main] INFO  org.testng.internal.Utils - [TestNG] Running:
  C:\Users\Dell\eclipse-workspace\PsyHire_V03\master.xml

17:39:06.063 [main] INFO  testCases.TC_01_LoginTest - **Started**
17:39:38.429 [main] DEBUG org.testng.TestNG - suiteXmlPath: "C:\Users\Dell\eclipse-workspace\PsyHire_V03\master.xml"
17:39:38.528 [main] INFO  org.testng.internal.Utils - [TestNG] Running:
  C:\Users\Dell\eclipse-workspace\PsyHire_V03\master.xml

17:39:41.957 [main] INFO  testCases.TC_01_LoginTest - **Started**
17:49:53.068 [main] DEBUG org.testng.TestNG - suiteXmlPath: "C:\Users\Dell\eclipse-workspace\PsyHire_V03\master.xml"
17:49:53.169 [main] INFO  org.testng.internal.Utils - [TestNG] Running:
  C:\Users\Dell\eclipse-workspace\PsyHire_V03\master.xml

17:49:55.069 [main] INFO  testCases.TC_01_LoginTest - **Started**
17:53:28.070 [main] DEBUG org.testng.TestNG - suiteXmlPath: "C:\Users\Dell\eclipse-workspace\PsyHire_V03\master.xml"
17:53:28.170 [main] INFO  org.testng.internal.Utils - [TestNG] Running:
  C:\Users\Dell\eclipse-workspace\PsyHire_V03\master.xml

17:53:29.621 [main] INFO  testCases.TC_01_LoginTest - **Started TC_01_LoginTest ***
18:21:41.825 [main] DEBUG org.testng.TestNG - suiteXmlPath: "C:\Users\Dell\eclipse-workspace\PsyHire_V03\master.xml"
18:21:41.925 [main] INFO  org.testng.internal.Utils - [TestNG] Running:
  C:\Users\Dell\eclipse-workspace\PsyHire_V03\master.xml

18:21:43.239 [main] INFO  testCases.TC_01_LoginTest - **Started TC_01_LoginTest ***
18:21:46.031 [main] INFO  testCases.TC_01_LoginTest - **Finished TC_01_LoginTest ***
11:21:37.094 [main] DEBUG org.testng.TestNG - suiteXmlPath: "C:\Users\Dell\eclipse-workspace\PsyHire_V03\master.xml"
11:21:37.203 [main] INFO  org.testng.internal.Utils - [TestNG] Running:
  C:\Users\Dell\eclipse-workspace\PsyHire_V03\master.xml

11:21:41.212 [main] INFO  testCases.AUT_02_Invalid_OTP - **Started AUT_02_Invalid_OTP ***
11:21:42.770 [main] INFO  testCases.AUT_02_Invalid_OTP - **Finished AUT_02_Invalid_OTP ***
11:46:48.386 [main] DEBUG org.testng.TestNG - suiteXmlPath: "C:\Users\Dell\eclipse-workspace\PsyHire_V03\master.xml"
11:46:48.488 [main] INFO  org.testng.internal.Utils - [TestNG] Running:
  C:\Users\Dell\eclipse-workspace\PsyHire_V03\master.xml

11:46:50.232 [main] INFO  testCases.AUT_02_Invalid_OTP - **Started AUT_02_Invalid_OTP ***
11:46:51.804 [main] INFO  testCases.AUT_02_Invalid_OTP - **Finished AUT_02_Invalid_OTP ***
11:47:16.427 [main] DEBUG org.testng.TestNG - suiteXmlPath: "C:\Users\Dell\eclipse-workspace\PsyHire_V03\master.xml"
11:47:16.527 [main] INFO  org.testng.internal.Utils - [TestNG] Running:
  C:\Users\Dell\eclipse-workspace\PsyHire_V03\master.xml

11:47:18.073 [main] INFO  testCases.AUT_03_Expired - **Started AUT_03_Expired ***
11:53:20.811 [main] INFO  testCases.AUT_03_Expired - **Finished AUT_03_Expired ***
12:10:05.742 [main] DEBUG org.testng.TestNG - suiteXmlPath: "C:\Users\Dell\eclipse-workspace\PsyHire_V03\master.xml"
12:10:05.842 [main] INFO  org.testng.internal.Utils - [TestNG] Running:
  C:\Users\Dell\eclipse-workspace\PsyHire_V03\master.xml

12:10:07.533 [main] INFO  testCases.AUT_04_Resend - **Started AUT_04_Resend ***
12:15:40.711 [main] INFO  testCases.AUT_04_Resend - **Finished AUT_04_Resend ***
12:29:27.283 [main] DEBUG org.testng.TestNG - suiteXmlPath: "C:\Users\Dell\eclipse-workspace\PsyHire_V03\master.xml"
12:29:27.381 [main] INFO  org.testng.internal.Utils - [TestNG] Running:
  C:\Users\Dell\eclipse-workspace\PsyHire_V03\master.xml

12:29:29.977 [main] INFO  testCases.AUT_05_Unregistered_Email - **Started AUT_05_Unregistered_Email ***
12:29:32.609 [main] INFO  testCases.AUT_05_Unregistered_Email - **Finished AUT_05_Unregistered_Email ***
12:32:21.167 [main] DEBUG org.testng.TestNG - suiteXmlPath: "C:\Users\Dell\eclipse-workspace\PsyHire_V03\master.xml"
12:32:21.265 [main] INFO  org.testng.internal.Utils - [TestNG] Running:
  C:\Users\Dell\eclipse-workspace\PsyHire_V03\master.xml

12:32:22.832 [main] INFO  testCases.AUT_05_Unregistered_Email - **Started AUT_05_Unregistered_Email ***
12:32:25.389 [main] INFO  testCases.AUT_05_Unregistered_Email - **Finished AUT_05_Unregistered_Email ***
12:43:12.755 [main] DEBUG org.testng.TestNG - suiteXmlPath: "C:\Users\Dell\eclipse-workspace\PsyHire_V03\master.xml"
12:43:12.855 [main] INFO  org.testng.internal.Utils - [TestNG] Running:
  C:\Users\Dell\eclipse-workspace\PsyHire_V03\master.xml

12:43:14.423 [main] INFO  testCases.AUT_05_Unregistered_Email - **Started AUT_05_Unregistered_Email ***
12:44:24.604 [main] DEBUG org.testng.TestNG - suiteXmlPath: "C:\Users\Dell\eclipse-workspace\PsyHire_V03\master.xml"
12:44:24.705 [main] INFO  org.testng.internal.Utils - [TestNG] Running:
  C:\Users\Dell\eclipse-workspace\PsyHire_V03\master.xml

12:44:26.190 [main] INFO  testCases.AUT_05_Unregistered_Email - **Started AUT_05_Unregistered_Email ***
12:44:28.745 [main] INFO  testCases.AUT_05_Unregistered_Email - **Finished AUT_05_Unregistered_Email ***
12:45:36.886 [main] DEBUG org.testng.TestNG - suiteXmlPath: "C:\Users\Dell\eclipse-workspace\PsyHire_V03\master.xml"
12:45:36.985 [main] INFO  org.testng.internal.Utils - [TestNG] Running:
  C:\Users\Dell\eclipse-workspace\PsyHire_V03\master.xml

12:45:38.534 [main] INFO  testCases.AUT_06_Page_Refresh - **Started AUT_06_Page_Refresh ***
12:46:12.542 [main] DEBUG org.testng.TestNG - suiteXmlPath: "C:\Users\Dell\eclipse-workspace\PsyHire_V03\master.xml"
12:46:12.641 [main] INFO  org.testng.internal.Utils - [TestNG] Running:
  C:\Users\Dell\eclipse-workspace\PsyHire_V03\master.xml

12:46:14.136 [main] INFO  testCases.AUT_06_Page_Refresh - **Started AUT_06_Page_Refresh ***
12:46:18.979 [main] INFO  testCases.AUT_06_Page_Refresh - **Finished AUT_06_Page_Refresh ***
15:01:30.024 [main] DEBUG org.testng.TestNG - suiteXmlPath: "C:\Users\Dell\eclipse-workspace\PsyHire_V03\master.xml"
15:01:53.418 [main] DEBUG org.testng.TestNG - suiteXmlPath: "C:\Users\Dell\eclipse-workspace\PsyHire_V03\master.xml"
15:02:57.587 [main] DEBUG org.testng.TestNG - suiteXmlPath: "C:\Users\Dell\eclipse-workspace\PsyHire_V03\master.xml"
15:02:57.687 [main] INFO  org.testng.internal.Utils - [TestNG] Running:
  C:\Users\Dell\eclipse-workspace\PsyHire_V03\master.xml

15:02:59.810 [main] INFO  testCases_Auth.AUT_07_Logout_clears - **Started AUT_07_Logout_clears ***
15:15:31.940 [main] DEBUG org.testng.TestNG - suiteXmlPath: "C:\Users\Dell\eclipse-workspace\PsyHire_V03\master.xml"
15:15:32.041 [main] INFO  org.testng.internal.Utils - [TestNG] Running:
  C:\Users\Dell\eclipse-workspace\PsyHire_V03\master.xml

15:15:33.892 [main] INFO  testCases_Auth.AUT_07_Logout_clears - **Started AUT_07_Logout_clears ***
15:16:21.826 [main] DEBUG org.testng.TestNG - suiteXmlPath: "C:\Users\Dell\AppData\Local\Temp\testng-eclipse-1289495593\testng-customsuite.xml"
15:16:21.910 [main] INFO  org.testng.internal.Utils - [Utils] MethodGroupsHelper.collectMethodsByGroup() took 0 ms.
15:16:21.911 [main] INFO  org.testng.internal.Utils - [Utils] MethodGroupsHelper.sortMethods() took 0 ms.
15:16:21.912 [main] INFO  org.testng.internal.Utils - [Utils] MethodGroupsHelper.collectMethodsByGroup() took 0 ms.
15:16:21.912 [main] INFO  org.testng.internal.Utils - [Utils] MethodGroupsHelper.sortMethods() took 0 ms.
15:16:21.912 [main] INFO  org.testng.internal.Utils - [Utils] MethodGroupsHelper.collectMethodsByGroup() took 0 ms.
15:16:21.912 [main] INFO  org.testng.internal.Utils - [Utils] MethodGroupsHelper.sortMethods() took 0 ms.
15:16:21.913 [main] INFO  org.testng.internal.Utils - [Utils] MethodGroupsHelper.collectMethodsByGroup() took 0 ms.
15:16:21.913 [main] INFO  org.testng.internal.Utils - [Utils] MethodGroupsHelper.sortMethods() took 0 ms.
15:16:21.916 [main] INFO  org.testng.internal.Utils - [Utils] MethodGroupsHelper.collectMethodsByGroup() took 1 ms.
15:16:21.919 [main] INFO  org.testng.internal.Utils - [Utils] MethodGroupsHelper.sortMethods() took 2 ms.
15:16:21.920 [main] INFO  org.testng.internal.Utils - [Utils] MethodGroupsHelper.collectMethodsByGroup() took 0 ms.
15:16:21.921 [main] INFO  org.testng.internal.Utils - [Utils] MethodGroupsHelper.sortMethods() took 0 ms.
15:16:21.921 [main] INFO  org.testng.internal.Utils - [Utils] MethodGroupsHelper.collectMethodsByGroup() took 0 ms.
15:16:21.921 [main] INFO  org.testng.internal.Utils - [Utils] MethodGroupsHelper.sortMethods() took 0 ms.
15:16:21.921 [main] INFO  org.testng.internal.Utils - [Utils] MethodGroupsHelper.collectMethodsByGroup() took 0 ms.
15:16:21.921 [main] INFO  org.testng.internal.Utils - [Utils] MethodGroupsHelper.sortMethods() took 0 ms.
15:16:21.922 [main] INFO  org.testng.internal.Utils - [Utils] MethodGroupsHelper.collectMethodsByGroup() took 0 ms.
15:16:21.922 [main] INFO  org.testng.internal.Utils - [Utils] MethodGroupsHelper.sortMethods() took 0 ms.
15:16:21.922 [main] INFO  org.testng.internal.Utils - [Utils] MethodGroupsHelper.collectMethodsByGroup() took 0 ms.
15:16:21.922 [main] INFO  org.testng.internal.Utils - [Utils] MethodGroupsHelper.sortMethods() took 0 ms.
15:16:21.923 [main] INFO  org.testng.internal.Utils - [Utils] MethodGroupsHelper.collectMethodsByGroup() took 0 ms.
15:16:21.923 [main] INFO  org.testng.internal.Utils - [Utils] MethodGroupsHelper.sortMethods() took 0 ms.
15:16:21.923 [main] INFO  org.testng.internal.Utils - [Utils] MethodGroupsHelper.collectMethodsByGroup() took 0 ms.
15:16:21.923 [main] INFO  org.testng.internal.Utils - [Utils] MethodGroupsHelper.sortMethods() took 0 ms.
15:16:21.924 [main] INFO  org.testng.internal.Utils - [Utils] MethodGroupsHelper.collectMethodsByGroup() took 0 ms.
15:16:21.924 [main] INFO  org.testng.internal.Utils - [Utils] MethodGroupsHelper.sortMethods() took 0 ms.
15:16:21.924 [main] INFO  org.testng.internal.Utils - [Utils] MethodGroupsHelper.collectMethodsByGroup() took 0 ms.
15:16:21.925 [main] INFO  org.testng.internal.Utils - [Utils] MethodGroupsHelper.sortMethods() took 0 ms.
15:16:21.925 [main] INFO  org.testng.internal.Utils - [Utils] MethodGroupsHelper.collectMethodsByGroup() took 0 ms.
15:16:21.925 [main] INFO  org.testng.internal.Utils - [Utils] MethodGroupsHelper.sortMethods() took 0 ms.
15:16:21.928 [main] INFO  org.testng.internal.Utils - [TestNG] Running:
  C:\Users\Dell\AppData\Local\Temp\testng-eclipse-1289495593\testng-customsuite.xml

15:16:21.936 [main] INFO  org.testng.internal.Utils - [Utils] DynamicGraphHelper.createDynamicGraph() took 2 ms.
15:16:22.002 [main] INFO  org.testng.internal.Utils - [TestNG] Time taken by org.testng.reporters.jq.Main@6035b93b: 21 ms
15:16:22.007 [main] INFO  org.testng.internal.Utils - [TestNG] Time taken by org.testng.reporters.FailedReporter@3382f8ae: 5 ms
15:16:22.014 [main] INFO  org.testng.internal.Utils - [TestNG] Time taken by org.testng.reporters.XMLReporter@20a8a64e: 7 ms
15:16:22.018 [main] INFO  org.testng.internal.Utils - [TestNG] Time taken by org.testng.reporters.EmailableReporter2@1698ee84: 4 ms
15:16:22.021 [main] INFO  org.testng.internal.Utils - [TestNG] Time taken by org.testng.reporters.JUnitReportReporter@75459c75: 3 ms
15:16:22.021 [main] INFO  org.testng.internal.Utils - [TestNG] Time taken by org.testng.internal.ExitCodeListener@183e8023: 0 ms
15:16:29.347 [main] DEBUG org.testng.TestNG - suiteXmlPath: "C:\Users\Dell\eclipse-workspace\PsyHire_V03\master.xml"
15:16:29.448 [main] INFO  org.testng.internal.Utils - [TestNG] Running:
  C:\Users\Dell\eclipse-workspace\PsyHire_V03\master.xml

15:16:31.160 [main] INFO  testCases_Auth.AUT_07_Logout_clears - **Started AUT_07_Logout_clears ***
15:17:28.783 [main] DEBUG org.testng.TestNG - suiteXmlPath: "C:\Users\Dell\eclipse-workspace\PsyHire_V03\master.xml"
15:17:28.883 [main] INFO  org.testng.internal.Utils - [TestNG] Running:
  C:\Users\Dell\eclipse-workspace\PsyHire_V03\master.xml

15:17:30.442 [main] INFO  testCases_Auth.AUT_07_Logout_clears - **Started AUT_07_Logout_clears ***
15:18:33.109 [main] DEBUG org.testng.TestNG - suiteXmlPath: "C:\Users\Dell\eclipse-workspace\PsyHire_V03\master.xml"
15:18:33.207 [main] INFO  org.testng.internal.Utils - [TestNG] Running:
  C:\Users\Dell\eclipse-workspace\PsyHire_V03\master.xml

15:18:35.031 [main] INFO  testCases_Auth.AUT_07_Logout_clears - **Started AUT_07_Logout_clears ***
15:29:06.413 [main] DEBUG org.testng.TestNG - suiteXmlPath: "C:\Users\Dell\eclipse-workspace\PsyHire_V03\master.xml"
15:29:06.514 [main] INFO  org.testng.internal.Utils - [TestNG] Running:
  C:\Users\Dell\eclipse-workspace\PsyHire_V03\master.xml

15:29:11.261 [main] INFO  testCases_Auth.AUT_07_Logout_clears - **Started AUT_07_Logout_clears ***
15:29:21.411 [main] INFO  testCases_Auth.AUT_07_Logout_clears - **Finished AUT_07_Logout_clears ***
15:49:45.614 [main] DEBUG org.testng.TestNG - suiteXmlPath: "C:\Users\Dell\eclipse-workspace\PsyHire_V03\master.xml"
15:49:45.740 [main] INFO  org.testng.internal.Utils - [TestNG] Running:
  C:\Users\Dell\eclipse-workspace\PsyHire_V03\master.xml

15:49:47.501 [main] INFO  testCases_Auth.AUT_01_LoginTest - **Started TC_01_LoginTest ***
15:49:51.061 [main] INFO  testCases_Auth.AUT_01_LoginTest - **Finished TC_01_LoginTest ***
15:49:52.563 [main] INFO  testCases_Auth.AUT_02_Invalid_OTP - **Started AUT_02_Invalid_OTP ***
15:49:54.197 [main] INFO  testCases_Auth.AUT_02_Invalid_OTP - **Finished AUT_02_Invalid_OTP ***
15:49:55.544 [main] INFO  testCases_Auth.AUT_03_Expired - **Started AUT_03_Expired ***
15:55:58.349 [main] INFO  testCases_Auth.AUT_03_Expired - **Finished AUT_03_Expired ***
15:55:59.878 [main] INFO  testCases_Auth.AUT_04_Resend - **Started AUT_04_Resend ***
16:01:32.951 [main] INFO  testCases_Auth.AUT_04_Resend - **Finished AUT_04_Resend ***
16:01:34.376 [main] INFO  testCases_Auth.AUT_05_Unregistered_Email - **Started AUT_05_Unregistered_Email ***
16:01:36.931 [main] INFO  testCases_Auth.AUT_05_Unregistered_Email - **Finished AUT_05_Unregistered_Email ***
16:01:38.371 [main] INFO  testCases_Auth.AUT_06_Page_Refresh - **Started AUT_06_Page_Refresh ***
16:01:43.147 [main] INFO  testCases_Auth.AUT_06_Page_Refresh - **Finished AUT_06_Page_Refresh ***
16:01:44.454 [main] INFO  testCases_Auth.AUT_07_Logout_clears - **Started AUT_07_Logout_clears ***
16:01:53.423 [main] INFO  testCases_Auth.AUT_07_Logout_clears - **Finished AUT_07_Logout_clears ***
17:11:44.154 [main] DEBUG org.testng.TestNG - suiteXmlPath: "C:\Users\Dell\eclipse-workspace\PsyHire_V03\crossbrowsertesting.xml"
17:11:44.292 [main] INFO  org.testng.internal.Utils - [TestNG] Running:
  C:\Users\Dell\eclipse-workspace\PsyHire_V03\crossbrowsertesting.xml

17:11:47.030 [TestNG-tests-1] INFO  testCases_Auth.AUT_01_LoginTest - **Started TC_01_LoginTest ***
17:11:48.755 [TestNG-tests-3] INFO  testCases_Auth.AUT_01_LoginTest - **Started TC_01_LoginTest ***
17:11:48.756 [TestNG-tests-2] INFO  testCases_Auth.AUT_01_LoginTest - **Started TC_01_LoginTest ***
17:12:10.800 [TestNG-tests-1] INFO  testCases_Auth.AUT_04_Resend - **Started AUT_04_Resend ***
17:12:57.833 [main] DEBUG org.testng.TestNG - suiteXmlPath: "C:\Users\Dell\eclipse-workspace\PsyHire_V03\crossbrowsertesting.xml"
17:12:57.965 [main] INFO  org.testng.internal.Utils - [TestNG] Running:
  C:\Users\Dell\eclipse-workspace\PsyHire_V03\crossbrowsertesting.xml

17:13:00.221 [TestNG-tests-1] INFO  testCases_Auth.AUT_01_LoginTest - **Started TC_01_LoginTest ***
17:13:00.221 [TestNG-tests-2] INFO  testCases_Auth.AUT_01_LoginTest - **Started TC_01_LoginTest ***
17:13:01.418 [TestNG-tests-3] INFO  testCases_Auth.AUT_01_LoginTest - **Started TC_01_LoginTest ***
17:13:04.446 [TestNG-tests-3] INFO  testCases_Auth.AUT_01_LoginTest - **Finished TC_01_LoginTest ***
17:13:06.293 [TestNG-tests-1] INFO  testCases_Auth.AUT_04_Resend - **Started AUT_04_Resend ***
17:13:07.712 [TestNG-tests-3] INFO  testCases_Auth.AUT_04_Resend - **Started AUT_04_Resend ***
17:13:32.623 [main] DEBUG org.testng.TestNG - suiteXmlPath: "C:\Users\Dell\eclipse-workspace\PsyHire_V03\crossbrowsertesting.xml"
17:13:32.763 [main] INFO  org.testng.internal.Utils - [TestNG] Running:
  C:\Users\Dell\eclipse-workspace\PsyHire_V03\crossbrowsertesting.xml

17:13:34.610 [TestNG-tests-2] INFO  testCases_Auth.AUT_01_LoginTest - **Started TC_01_LoginTest ***
17:13:34.610 [TestNG-tests-1] INFO  testCases_Auth.AUT_01_LoginTest - **Started TC_01_LoginTest ***
17:13:35.563 [TestNG-tests-3] INFO  testCases_Auth.AUT_01_LoginTest - **Started TC_01_LoginTest ***
17:13:38.805 [TestNG-tests-3] INFO  testCases_Auth.AUT_01_LoginTest - **Finished TC_01_LoginTest ***
17:13:41.681 [TestNG-tests-3] INFO  testCases_Auth.AUT_04_Resend - **Started AUT_04_Resend ***
17:14:03.959 [main] DEBUG org.testng.TestNG - suiteXmlPath: "C:\Users\Dell\eclipse-workspace\PsyHire_V03\master.xml"
17:14:04.081 [main] INFO  org.testng.internal.Utils - [TestNG] Running:
  C:\Users\Dell\eclipse-workspace\PsyHire_V03\master.xml

17:14:05.840 [main] INFO  testCases_Auth.AUT_01_LoginTest - **Started TC_01_LoginTest ***
17:14:09.217 [main] INFO  testCases_Auth.AUT_01_LoginTest - **Finished TC_01_LoginTest ***
17:14:19.471 [main] DEBUG org.testng.TestNG - suiteXmlPath: "C:\Users\Dell\eclipse-workspace\PsyHire_V03\master.xml"
17:14:19.586 [main] INFO  org.testng.internal.Utils - [TestNG] Running:
  C:\Users\Dell\eclipse-workspace\PsyHire_V03\master.xml

17:14:21.149 [main] INFO  testCases_Auth.AUT_01_LoginTest - **Started TC_01_LoginTest ***
17:14:24.523 [main] INFO  testCases_Auth.AUT_01_LoginTest - **Finished TC_01_LoginTest ***
17:14:25.839 [main] INFO  testCases_Auth.AUT_04_Resend - **Started AUT_04_Resend ***
17:14:47.850 [main] DEBUG org.testng.TestNG - suiteXmlPath: "C:\Users\Dell\eclipse-workspace\PsyHire_V03\master.xml"
17:14:47.963 [main] INFO  org.testng.internal.Utils - [TestNG] Running:
  C:\Users\Dell\eclipse-workspace\PsyHire_V03\master.xml

17:14:49.608 [main] INFO  testCases_Auth.AUT_01_LoginTest - **Started TC_01_LoginTest ***
17:14:52.918 [main] INFO  testCases_Auth.AUT_01_LoginTest - **Finished TC_01_LoginTest ***
17:14:54.305 [main] INFO  testCases_Auth.AUT_05_Unregistered_Email - **Started AUT_05_Unregistered_Email ***
17:14:56.788 [main] INFO  testCases_Auth.AUT_05_Unregistered_Email - **Finished AUT_05_Unregistered_Email ***
17:14:58.119 [main] INFO  testCases_Auth.AUT_06_Page_Refresh - **Started AUT_06_Page_Refresh ***
17:15:02.911 [main] INFO  testCases_Auth.AUT_06_Page_Refresh - **Finished AUT_06_Page_Refresh ***
17:15:04.175 [main] INFO  testCases_Auth.AUT_07_Logout_clears - **Started AUT_07_Logout_clears ***
17:15:13.155 [main] INFO  testCases_Auth.AUT_07_Logout_clears - **Finished AUT_07_Logout_clears ***
17:16:17.228 [main] DEBUG org.testng.TestNG - suiteXmlPath: "C:\Users\Dell\eclipse-workspace\PsyHire_V03\crossbrowsertesting.xml"
17:16:17.360 [main] INFO  org.testng.internal.Utils - [TestNG] Running:
  C:\Users\Dell\eclipse-workspace\PsyHire_V03\crossbrowsertesting.xml

17:16:19.087 [TestNG-tests-1] INFO  testCases_Auth.AUT_01_LoginTest - **Started TC_01_LoginTest ***
17:16:19.087 [TestNG-tests-2] INFO  testCases_Auth.AUT_01_LoginTest - **Started TC_01_LoginTest ***
17:16:20.566 [TestNG-tests-3] INFO  testCases_Auth.AUT_01_LoginTest - **Started TC_01_LoginTest ***
17:16:24.083 [TestNG-tests-3] INFO  testCases_Auth.AUT_01_LoginTest - **Finished TC_01_LoginTest ***
17:16:27.044 [TestNG-tests-3] INFO  testCases_Auth.AUT_02_Invalid_OTP - **Started AUT_02_Invalid_OTP ***
17:16:28.566 [TestNG-tests-3] INFO  testCases_Auth.AUT_02_Invalid_OTP - **Finished AUT_02_Invalid_OTP ***
17:16:31.644 [TestNG-tests-3] INFO  testCases_Auth.AUT_05_Unregistered_Email - **Started AUT_05_Unregistered_Email ***
17:16:37.088 [TestNG-tests-3] INFO  testCases_Auth.AUT_06_Page_Refresh - **Started AUT_06_Page_Refresh ***
17:16:41.357 [TestNG-tests-1] INFO  testCases_Auth.AUT_01_LoginTest - **Finished TC_01_LoginTest ***
17:16:41.388 [TestNG-tests-2] INFO  testCases_Auth.AUT_01_LoginTest - **Finished TC_01_LoginTest ***
17:16:42.155 [TestNG-tests-3] INFO  testCases_Auth.AUT_06_Page_Refresh - **Finished AUT_06_Page_Refresh ***
17:16:43.280 [TestNG-tests-1] INFO  testCases_Auth.AUT_02_Invalid_OTP - **Started AUT_02_Invalid_OTP ***
17:16:43.280 [TestNG-tests-2] INFO  testCases_Auth.AUT_02_Invalid_OTP - **Started AUT_02_Invalid_OTP ***
17:16:44.608 [TestNG-tests-3] INFO  testCases_Auth.AUT_07_Logout_clears - **Started AUT_07_Logout_clears ***
17:16:53.652 [TestNG-tests-3] INFO  testCases_Auth.AUT_07_Logout_clears - **Finished AUT_07_Logout_clears ***
17:18:29.591 [main] DEBUG org.testng.TestNG - suiteXmlPath: "C:\Users\Dell\eclipse-workspace\PsyHire_V03\master.xml"
17:18:29.710 [main] INFO  org.testng.internal.Utils - [TestNG] Running:
  C:\Users\Dell\eclipse-workspace\PsyHire_V03\master.xml

17:18:31.215 [main] INFO  testCases_Auth.AUT_01_LoginTest - **Started TC_01_LoginTest ***
17:18:34.527 [main] INFO  testCases_Auth.AUT_01_LoginTest - **Finished TC_01_LoginTest ***
17:18:36.048 [main] INFO  testCases_Auth.AUT_02_Invalid_OTP - **Started AUT_02_Invalid_OTP ***
17:18:37.705 [main] INFO  testCases_Auth.AUT_02_Invalid_OTP - **Finished AUT_02_Invalid_OTP ***
17:18:38.996 [main] INFO  testCases_Auth.AUT_03_Expired - **Started AUT_03_Expired ***
17:18:53.498 [main] DEBUG org.testng.TestNG - suiteXmlPath: "C:\Users\Dell\eclipse-workspace\PsyHire_V03\master.xml"
17:18:53.615 [main] INFO  org.testng.internal.Utils - [TestNG] Running:
  C:\Users\Dell\eclipse-workspace\PsyHire_V03\master.xml

17:18:55.136 [main] INFO  testCases_Auth.AUT_01_LoginTest - **Started TC_01_LoginTest ***
17:18:58.346 [main] INFO  testCases_Auth.AUT_01_LoginTest - **Finished TC_01_LoginTest ***
17:18:59.782 [main] INFO  testCases_Auth.AUT_02_Invalid_OTP - **Started AUT_02_Invalid_OTP ***
17:19:01.441 [main] INFO  testCases_Auth.AUT_02_Invalid_OTP - **Finished AUT_02_Invalid_OTP ***
17:19:02.811 [main] INFO  testCases_Auth.AUT_05_Unregistered_Email - **Started AUT_05_Unregistered_Email ***
17:19:06.652 [main] INFO  testCases_Auth.AUT_06_Page_Refresh - **Started AUT_06_Page_Refresh ***
17:19:11.421 [main] INFO  testCases_Auth.AUT_06_Page_Refresh - **Finished AUT_06_Page_Refresh ***
17:19:12.793 [main] INFO  testCases_Auth.AUT_07_Logout_clears - **Started AUT_07_Logout_clears ***
17:19:21.758 [main] INFO  testCases_Auth.AUT_07_Logout_clears - **Finished AUT_07_Logout_clears ***
17:20:27.417 [main] DEBUG org.testng.TestNG - suiteXmlPath: "C:\Users\Dell\eclipse-workspace\PsyHire_V03\master.xml"
17:20:27.530 [main] INFO  org.testng.internal.Utils - [TestNG] Running:
  C:\Users\Dell\eclipse-workspace\PsyHire_V03\master.xml

17:20:29.135 [main] INFO  testCases_Auth.AUT_01_LoginTest - **Started TC_01_LoginTest ***
17:20:32.329 [main] INFO  testCases_Auth.AUT_01_LoginTest - **Finished TC_01_LoginTest ***
17:20:33.726 [main] INFO  testCases_Auth.AUT_02_Invalid_OTP - **Started AUT_02_Invalid_OTP ***
17:20:35.352 [main] INFO  testCases_Auth.AUT_02_Invalid_OTP - **Finished AUT_02_Invalid_OTP ***
17:20:36.620 [main] INFO  testCases_Auth.AUT_05_Unregistered_Email - **Started AUT_05_Unregistered_Email ***
17:20:40.476 [main] INFO  testCases_Auth.AUT_06_Page_Refresh - **Started AUT_06_Page_Refresh ***
17:20:45.232 [main] INFO  testCases_Auth.AUT_06_Page_Refresh - **Finished AUT_06_Page_Refresh ***
17:20:46.619 [main] INFO  testCases_Auth.AUT_07_Logout_clears - **Started AUT_07_Logout_clears ***
17:20:55.584 [main] INFO  testCases_Auth.AUT_07_Logout_clears - **Finished AUT_07_Logout_clears ***
17:23:21.056 [main] DEBUG org.testng.TestNG - suiteXmlPath: "C:\Users\Dell\eclipse-workspace\PsyHire_V03\master.xml"
17:23:21.171 [main] INFO  org.testng.internal.Utils - [TestNG] Running:
  C:\Users\Dell\eclipse-workspace\PsyHire_V03\master.xml

17:23:22.919 [main] INFO  testCases_Auth.AUT_01_LoginTest - **Started TC_01_LoginTest ***
17:23:26.270 [main] INFO  testCases_Auth.AUT_01_LoginTest - **Finished TC_01_LoginTest ***
17:23:27.705 [main] INFO  testCases_Auth.AUT_02_Invalid_OTP - **Started AUT_02_Invalid_OTP ***
17:23:29.379 [main] INFO  testCases_Auth.AUT_02_Invalid_OTP - **Finished AUT_02_Invalid_OTP ***
17:23:30.742 [main] INFO  testCases_Auth.AUT_05_Unregistered_Email - **Started AUT_05_Unregistered_Email ***
17:23:32.876 [main] INFO  testCases_Auth.AUT_05_Unregistered_Email - **Finished AUT_05_Unregistered_Email ***
17:23:34.253 [main] INFO  testCases_Auth.AUT_06_Page_Refresh - **Started AUT_06_Page_Refresh ***
17:23:39.166 [main] INFO  testCases_Auth.AUT_06_Page_Refresh - **Finished AUT_06_Page_Refresh ***
17:23:40.499 [main] INFO  testCases_Auth.AUT_07_Logout_clears - **Started AUT_07_Logout_clears ***
17:23:49.516 [main] INFO  testCases_Auth.AUT_07_Logout_clears - **Finished AUT_07_Logout_clears ***
15:43:56.442 [main] DEBUG org.testng.TestNG - suiteXmlPath: "C:\Users\Dell\eclipse-workspace\PsyHire_V03\master.xml"
15:43:56.545 [main] INFO  org.testng.internal.Utils - [TestNG] Running:
  C:\Users\Dell\eclipse-workspace\PsyHire_V03\master.xml

15:43:58.792 [main] DEBUG org.apache.poi.openxml4j.opc.PackageRelationshipCollection - Parsing relationship: /xl/_rels/workbook.xml.rels
15:43:58.794 [main] DEBUG org.apache.poi.openxml4j.opc.PackageRelationshipCollection - Parsing relationship: /xl/worksheets/_rels/sheet1.xml.rels
15:43:58.795 [main] DEBUG org.apache.poi.openxml4j.opc.PackageRelationshipCollection - Parsing relationship: /_rels/.rels
15:43:58.974 [main] DEBUG org.apache.poi.ooxml.POIXMLFactory - using default POIXMLDocumentPart for http://schemas.openxmlformats.org/officeDocument/2006/relationships/printerSettings
15:43:59.016 [main] DEBUG org.apache.poi.openxml4j.opc.PackageRelationshipCollection - Parsing relationship: /xl/_rels/workbook.xml.rels
15:43:59.016 [main] DEBUG org.apache.poi.openxml4j.opc.PackageRelationshipCollection - Parsing relationship: /xl/worksheets/_rels/sheet1.xml.rels
15:43:59.016 [main] DEBUG org.apache.poi.openxml4j.opc.PackageRelationshipCollection - Parsing relationship: /_rels/.rels
15:43:59.020 [main] DEBUG org.apache.poi.ooxml.POIXMLFactory - using default POIXMLDocumentPart for http://schemas.openxmlformats.org/officeDocument/2006/relationships/printerSettings
15:43:59.027 [main] DEBUG org.apache.poi.openxml4j.opc.PackageRelationshipCollection - Parsing relationship: /xl/_rels/workbook.xml.rels
15:43:59.027 [main] DEBUG org.apache.poi.openxml4j.opc.PackageRelationshipCollection - Parsing relationship: /xl/worksheets/_rels/sheet1.xml.rels
15:43:59.028 [main] DEBUG org.apache.poi.openxml4j.opc.PackageRelationshipCollection - Parsing relationship: /_rels/.rels
15:43:59.032 [main] DEBUG org.apache.poi.ooxml.POIXMLFactory - using default POIXMLDocumentPart for http://schemas.openxmlformats.org/officeDocument/2006/relationships/printerSettings
15:43:59.040 [main] DEBUG org.apache.poi.openxml4j.opc.PackageRelationshipCollection - Parsing relationship: /xl/_rels/workbook.xml.rels
15:43:59.041 [main] DEBUG org.apache.poi.openxml4j.opc.PackageRelationshipCollection - Parsing relationship: /xl/worksheets/_rels/sheet1.xml.rels
15:43:59.041 [main] DEBUG org.apache.poi.openxml4j.opc.PackageRelationshipCollection - Parsing relationship: /_rels/.rels
15:43:59.045 [main] DEBUG org.apache.poi.ooxml.POIXMLFactory - using default POIXMLDocumentPart for http://schemas.openxmlformats.org/officeDocument/2006/relationships/printerSettings
15:43:59.057 [main] DEBUG org.apache.poi.openxml4j.opc.PackageRelationshipCollection - Parsing relationship: /xl/_rels/workbook.xml.rels
15:43:59.058 [main] DEBUG org.apache.poi.openxml4j.opc.PackageRelationshipCollection - Parsing relationship: /xl/worksheets/_rels/sheet1.xml.rels
15:43:59.058 [main] DEBUG org.apache.poi.openxml4j.opc.PackageRelationshipCollection - Parsing relationship: /_rels/.rels
15:43:59.061 [main] DEBUG org.apache.poi.ooxml.POIXMLFactory - using default POIXMLDocumentPart for http://schemas.openxmlformats.org/officeDocument/2006/relationships/printerSettings
15:43:59.066 [main] DEBUG org.apache.poi.openxml4j.opc.PackageRelationshipCollection - Parsing relationship: /xl/_rels/workbook.xml.rels
15:43:59.066 [main] DEBUG org.apache.poi.openxml4j.opc.PackageRelationshipCollection - Parsing relationship: /xl/worksheets/_rels/sheet1.xml.rels
15:43:59.067 [main] DEBUG org.apache.poi.openxml4j.opc.PackageRelationshipCollection - Parsing relationship: /_rels/.rels
15:43:59.069 [main] DEBUG org.apache.poi.ooxml.POIXMLFactory - using default POIXMLDocumentPart for http://schemas.openxmlformats.org/officeDocument/2006/relationships/printerSettings
15:43:59.075 [main] DEBUG org.apache.poi.openxml4j.opc.PackageRelationshipCollection - Parsing relationship: /xl/_rels/workbook.xml.rels
15:43:59.075 [main] DEBUG org.apache.poi.openxml4j.opc.PackageRelationshipCollection - Parsing relationship: /xl/worksheets/_rels/sheet1.xml.rels
15:43:59.076 [main] DEBUG org.apache.poi.openxml4j.opc.PackageRelationshipCollection - Parsing relationship: /_rels/.rels
15:43:59.079 [main] DEBUG org.apache.poi.ooxml.POIXMLFactory - using default POIXMLDocumentPart for http://schemas.openxmlformats.org/officeDocument/2006/relationships/printerSettings
15:43:59.085 [main] DEBUG org.apache.poi.openxml4j.opc.PackageRelationshipCollection - Parsing relationship: /xl/_rels/workbook.xml.rels
15:43:59.085 [main] DEBUG org.apache.poi.openxml4j.opc.PackageRelationshipCollection - Parsing relationship: /xl/worksheets/_rels/sheet1.xml.rels
15:43:59.085 [main] DEBUG org.apache.poi.openxml4j.opc.PackageRelationshipCollection - Parsing relationship: /_rels/.rels
15:43:59.089 [main] DEBUG org.apache.poi.ooxml.POIXMLFactory - using default POIXMLDocumentPart for http://schemas.openxmlformats.org/officeDocument/2006/relationships/printerSettings
15:43:59.093 [main] DEBUG org.apache.poi.openxml4j.opc.PackageRelationshipCollection - Parsing relationship: /xl/_rels/workbook.xml.rels
15:43:59.094 [main] DEBUG org.apache.poi.openxml4j.opc.PackageRelationshipCollection - Parsing relationship: /xl/worksheets/_rels/sheet1.xml.rels
15:43:59.094 [main] DEBUG org.apache.poi.openxml4j.opc.PackageRelationshipCollection - Parsing relationship: /_rels/.rels
15:43:59.097 [main] DEBUG org.apache.poi.ooxml.POIXMLFactory - using default POIXMLDocumentPart for http://schemas.openxmlformats.org/officeDocument/2006/relationships/printerSettings
15:43:59.101 [main] DEBUG org.apache.poi.openxml4j.opc.PackageRelationshipCollection - Parsing relationship: /xl/_rels/workbook.xml.rels
15:43:59.101 [main] DEBUG org.apache.poi.openxml4j.opc.PackageRelationshipCollection - Parsing relationship: /xl/worksheets/_rels/sheet1.xml.rels
15:43:59.102 [main] DEBUG org.apache.poi.openxml4j.opc.PackageRelationshipCollection - Parsing relationship: /_rels/.rels
15:43:59.104 [main] DEBUG org.apache.poi.ooxml.POIXMLFactory - using default POIXMLDocumentPart for http://schemas.openxmlformats.org/officeDocument/2006/relationships/printerSettings
15:43:59.109 [main] DEBUG org.apache.poi.openxml4j.opc.PackageRelationshipCollection - Parsing relationship: /xl/_rels/workbook.xml.rels
15:43:59.109 [main] DEBUG org.apache.poi.openxml4j.opc.PackageRelationshipCollection - Parsing relationship: /xl/worksheets/_rels/sheet1.xml.rels
15:43:59.109 [main] DEBUG org.apache.poi.openxml4j.opc.PackageRelationshipCollection - Parsing relationship: /_rels/.rels
15:43:59.112 [main] DEBUG org.apache.poi.ooxml.POIXMLFactory - using default POIXMLDocumentPart for http://schemas.openxmlformats.org/officeDocument/2006/relationships/printerSettings
15:43:59.116 [main] DEBUG org.apache.poi.openxml4j.opc.PackageRelationshipCollection - Parsing relationship: /xl/_rels/workbook.xml.rels
15:43:59.116 [main] DEBUG org.apache.poi.openxml4j.opc.PackageRelationshipCollection - Parsing relationship: /xl/worksheets/_rels/sheet1.xml.rels
15:43:59.116 [main] DEBUG org.apache.poi.openxml4j.opc.PackageRelationshipCollection - Parsing relationship: /_rels/.rels
15:43:59.119 [main] DEBUG org.apache.poi.ooxml.POIXMLFactory - using default POIXMLDocumentPart for http://schemas.openxmlformats.org/officeDocument/2006/relationships/printerSettings
15:43:59.123 [main] DEBUG org.apache.poi.openxml4j.opc.PackageRelationshipCollection - Parsing relationship: /xl/_rels/workbook.xml.rels
15:43:59.123 [main] DEBUG org.apache.poi.openxml4j.opc.PackageRelationshipCollection - Parsing relationship: /xl/worksheets/_rels/sheet1.xml.rels
15:43:59.123 [main] DEBUG org.apache.poi.openxml4j.opc.PackageRelationshipCollection - Parsing relationship: /_rels/.rels
15:43:59.126 [main] DEBUG org.apache.poi.ooxml.POIXMLFactory - using default POIXMLDocumentPart for http://schemas.openxmlformats.org/officeDocument/2006/relationships/printerSettings
15:43:59.130 [main] DEBUG org.apache.poi.openxml4j.opc.PackageRelationshipCollection - Parsing relationship: /xl/_rels/workbook.xml.rels
15:43:59.130 [main] DEBUG org.apache.poi.openxml4j.opc.PackageRelationshipCollection - Parsing relationship: /xl/worksheets/_rels/sheet1.xml.rels
15:43:59.130 [main] DEBUG org.apache.poi.openxml4j.opc.PackageRelationshipCollection - Parsing relationship: /_rels/.rels
15:43:59.132 [main] DEBUG org.apache.poi.ooxml.POIXMLFactory - using default POIXMLDocumentPart for http://schemas.openxmlformats.org/officeDocument/2006/relationships/printerSettings
15:43:59.136 [main] DEBUG org.apache.poi.openxml4j.opc.PackageRelationshipCollection - Parsing relationship: /xl/_rels/workbook.xml.rels
15:43:59.136 [main] DEBUG org.apache.poi.openxml4j.opc.PackageRelationshipCollection - Parsing relationship: /xl/worksheets/_rels/sheet1.xml.rels
15:43:59.136 [main] DEBUG org.apache.poi.openxml4j.opc.PackageRelationshipCollection - Parsing relationship: /_rels/.rels
15:43:59.138 [main] DEBUG org.apache.poi.ooxml.POIXMLFactory - using default POIXMLDocumentPart for http://schemas.openxmlformats.org/officeDocument/2006/relationships/printerSettings
15:43:59.141 [main] DEBUG org.apache.poi.openxml4j.opc.PackageRelationshipCollection - Parsing relationship: /xl/_rels/workbook.xml.rels
15:43:59.142 [main] DEBUG org.apache.poi.openxml4j.opc.PackageRelationshipCollection - Parsing relationship: /xl/worksheets/_rels/sheet1.xml.rels
15:43:59.142 [main] DEBUG org.apache.poi.openxml4j.opc.PackageRelationshipCollection - Parsing relationship: /_rels/.rels
15:43:59.144 [main] DEBUG org.apache.poi.ooxml.POIXMLFactory - using default POIXMLDocumentPart for http://schemas.openxmlformats.org/officeDocument/2006/relationships/printerSettings
15:43:59.156 [main] INFO  testCases_Jobs.Job_01_Create_Job - **Started Job_01_Create_Job ***
15:44:17.078 [main] DEBUG org.testng.TestNG - suiteXmlPath: "C:\Users\Dell\eclipse-workspace\PsyHire_V03\master.xml"
15:44:17.177 [main] INFO  org.testng.internal.Utils - [TestNG] Running:
  C:\Users\Dell\eclipse-workspace\PsyHire_V03\master.xml

15:44:19.451 [main] DEBUG org.apache.poi.openxml4j.opc.PackageRelationshipCollection - Parsing relationship: /xl/_rels/workbook.xml.rels
15:44:19.453 [main] DEBUG org.apache.poi.openxml4j.opc.PackageRelationshipCollection - Parsing relationship: /xl/worksheets/_rels/sheet1.xml.rels
15:44:19.453 [main] DEBUG org.apache.poi.openxml4j.opc.PackageRelationshipCollection - Parsing relationship: /_rels/.rels
15:44:19.618 [main] DEBUG org.apache.poi.ooxml.POIXMLFactory - using default POIXMLDocumentPart for http://schemas.openxmlformats.org/officeDocument/2006/relationships/printerSettings
15:44:19.654 [main] DEBUG org.apache.poi.openxml4j.opc.PackageRelationshipCollection - Parsing relationship: /xl/_rels/workbook.xml.rels
15:44:19.654 [main] DEBUG org.apache.poi.openxml4j.opc.PackageRelationshipCollection - Parsing relationship: /xl/worksheets/_rels/sheet1.xml.rels
15:44:19.655 [main] DEBUG org.apache.poi.openxml4j.opc.PackageRelationshipCollection - Parsing relationship: /_rels/.rels
15:44:19.659 [main] DEBUG org.apache.poi.ooxml.POIXMLFactory - using default POIXMLDocumentPart for http://schemas.openxmlformats.org/officeDocument/2006/relationships/printerSettings
15:44:19.663 [main] DEBUG org.apache.poi.openxml4j.opc.PackageRelationshipCollection - Parsing relationship: /xl/_rels/workbook.xml.rels
15:44:19.664 [main] DEBUG org.apache.poi.openxml4j.opc.PackageRelationshipCollection - Parsing relationship: /xl/worksheets/_rels/sheet1.xml.rels
15:44:19.664 [main] DEBUG org.apache.poi.openxml4j.opc.PackageRelationshipCollection - Parsing relationship: /_rels/.rels
15:44:19.667 [main] DEBUG org.apache.poi.ooxml.POIXMLFactory - using default POIXMLDocumentPart for http://schemas.openxmlformats.org/officeDocument/2006/relationships/printerSettings
15:44:19.675 [main] DEBUG org.apache.poi.openxml4j.opc.PackageRelationshipCollection - Parsing relationship: /xl/_rels/workbook.xml.rels
15:44:19.675 [main] DEBUG org.apache.poi.openxml4j.opc.PackageRelationshipCollection - Parsing relationship: /xl/worksheets/_rels/sheet1.xml.rels
15:44:19.676 [main] DEBUG org.apache.poi.openxml4j.opc.PackageRelationshipCollection - Parsing relationship: /_rels/.rels
15:44:19.679 [main] DEBUG org.apache.poi.ooxml.POIXMLFactory - using default POIXMLDocumentPart for http://schemas.openxmlformats.org/officeDocument/2006/relationships/printerSettings
15:44:19.690 [main] DEBUG org.apache.poi.openxml4j.opc.PackageRelationshipCollection - Parsing relationship: /xl/_rels/workbook.xml.rels
15:44:19.690 [main] DEBUG org.apache.poi.openxml4j.opc.PackageRelationshipCollection - Parsing relationship: /xl/worksheets/_rels/sheet1.xml.rels
15:44:19.691 [main] DEBUG org.apache.poi.openxml4j.opc.PackageRelationshipCollection - Parsing relationship: /_rels/.rels
15:44:19.694 [main] DEBUG org.apache.poi.ooxml.POIXMLFactory - using default POIXMLDocumentPart for http://schemas.openxmlformats.org/officeDocument/2006/relationships/printerSettings
15:44:19.699 [main] DEBUG org.apache.poi.openxml4j.opc.PackageRelationshipCollection - Parsing relationship: /xl/_rels/workbook.xml.rels
15:44:19.699 [main] DEBUG org.apache.poi.openxml4j.opc.PackageRelationshipCollection - Parsing relationship: /xl/worksheets/_rels/sheet1.xml.rels
15:44:19.699 [main] DEBUG org.apache.poi.openxml4j.opc.PackageRelationshipCollection - Parsing relationship: /_rels/.rels
15:44:19.702 [main] DEBUG org.apache.poi.ooxml.POIXMLFactory - using default POIXMLDocumentPart for http://schemas.openxmlformats.org/officeDocument/2006/relationships/printerSettings
15:44:19.706 [main] DEBUG org.apache.poi.openxml4j.opc.PackageRelationshipCollection - Parsing relationship: /xl/_rels/workbook.xml.rels
15:44:19.707 [main] DEBUG org.apache.poi.openxml4j.opc.PackageRelationshipCollection - Parsing relationship: /xl/worksheets/_rels/sheet1.xml.rels
15:44:19.707 [main] DEBUG org.apache.poi.openxml4j.opc.PackageRelationshipCollection - Parsing relationship: /_rels/.rels
15:44:19.710 [main] DEBUG org.apache.poi.ooxml.POIXMLFactory - using default POIXMLDocumentPart for http://schemas.openxmlformats.org/officeDocument/2006/relationships/printerSettings
15:44:19.714 [main] DEBUG org.apache.poi.openxml4j.opc.PackageRelationshipCollection - Parsing relationship: /xl/_rels/workbook.xml.rels
15:44:19.714 [main] DEBUG org.apache.poi.openxml4j.opc.PackageRelationshipCollection - Parsing relationship: /xl/worksheets/_rels/sheet1.xml.rels
15:44:19.714 [main] DEBUG org.apache.poi.openxml4j.opc.PackageRelationshipCollection - Parsing relationship: /_rels/.rels
15:44:19.717 [main] DEBUG org.apache.poi.ooxml.POIXMLFactory - using default POIXMLDocumentPart for http://schemas.openxmlformats.org/officeDocument/2006/relationships/printerSettings
