16:16:05.725 [main] INFO  testCases_Jobs.Job_01_Create_Job - **Started Job_01_Create_Job ***
16:16:15.799 [main] ERROR testCases_Jobs.Job_01_Create_Job - no such element: Unable to locate element: {"method":"xpath","selector":"//input[@placeholder='Enter your email address']"}
  (Session info: chrome=150.0.7871.49)
For documentation on this error, please visit: https://www.selenium.dev/documentation/webdriver/troubleshooting/errors#nosuchelementexception
Build info: version: '4.40.0', revision: 'b3333f1'
System info: os.name: 'Windows 10', os.arch: 'amd64', os.version: '10.0', java.version: '21.0.10'
Driver info: org.openqa.selenium.chrome.ChromeDriver
Command: [49107f8029f9e5173cf612bac55d5c9d, findElement {using=xpath, value=//input[@placeholder='Enter your email address']}]
Capabilities {acceptInsecureCerts: false, browserName: chrome, browserVersion: 150.0.7871.49, chrome: {chromedriverVersion: 150.0.7871.124 (9261fd0a595..., userDataDir: C:\Users\Dell\AppData\Local...}, fedcm:accounts: true, goog:chromeOptions: {debuggerAddress: localhost:7762}, goog:processID: 38572, networkConnectionEnabled: false, pageLoadStrategy: normal, platformName: windows, proxy: Proxy(), se:cdp: ws://localhost:7762/devtool..., se:cdpVersion: 150.0.7871.49, setWindowRect: true, strictFileInteractability: false, timeouts: {implicit: 0, pageLoad: 300000, script: 30000}, unhandledPromptBehavior: dismiss and notify, webauthn:extension:credBlob: true, webauthn:extension:largeBlob: true, webauthn:extension:minPinLength: true, webauthn:extension:prf: true, webauthn:virtualAuthenticators: true}
Session ID: 49107f8029f9e5173cf612bac55d5c9d
16:16:15.908 [main] INFO  testCases_Jobs.Job_01_Create_Job - **Started Job_01_Create_Job ***
16:16:25.936 [main] ERROR testCases_Jobs.Job_01_Create_Job - no such element: Unable to locate element: {"method":"xpath","selector":"//input[@placeholder='Enter your email address']"}
  (Session info: chrome=150.0.7871.49)
For documentation on this error, please visit: https://www.selenium.dev/documentation/webdriver/troubleshooting/errors#nosuchelementexception
Build info: version: '4.40.0', revision: 'b3333f1'
System info: os.name: 'Windows 10', os.arch: 'amd64', os.version: '10.0', java.version: '21.0.10'
Driver info: org.openqa.selenium.chrome.ChromeDriver
Command: [49107f8029f9e5173cf612bac55d5c9d, findElement {using=xpath, value=//input[@placeholder='Enter your email address']}]
Capabilities {acceptInsecureCerts: false, browserName: chrome, browserVersion: 150.0.7871.49, chrome: {chromedriverVersion: 150.0.7871.124 (9261fd0a595..., userDataDir: C:\Users\Dell\AppData\Local...}, fedcm:accounts: true, goog:chromeOptions: {debuggerAddress: localhost:7762}, goog:processID: 38572, networkConnectionEnabled: false, pageLoadStrategy: normal, platformName: windows, proxy: Proxy(), se:cdp: ws://localhost:7762/devtool..., se:cdpVersion: 150.0.7871.49, setWindowRect: true, strictFileInteractability: false, timeouts: {implicit: 0, pageLoad: 300000, script: 30000}, unhandledPromptBehavior: dismiss and notify, webauthn:extension:credBlob: true, webauthn:extension:largeBlob: true, webauthn:extension:minPinLength: true, webauthn:extension:prf: true, webauthn:virtualAuthenticators: true}
Session ID: 49107f8029f9e5173cf612bac55d5c9d
